# 03 사용자 및 권한

> MySQL 계정 생성 및 권한 설정 방법은 다른 DBMS와 차이가 있음
>
> 접속 IP, 권한 묶어 관리하는 역할(role)개념 도입 

## 3.1 사용자 식별

* MySQL 의 사용자는 다른  DBMS와는 다르게 사용자의 계정 뿐 아니라 접속 지점도 계정의 일부가 된다.
* 따라서 아이디, 호스트를 함께 명시해야함

```mysql
'svc_id'@'127.0.0.1'

'svc_id'@'192.168.0.10'
'svc_id'@'%'
```

* 권한이나 계정 정보에 대해 MySQL은 범위가 작은 것부터 선택



## 3.2 사용자 계정 관리

### 3.2.1 시스템 계정과 일반 계정

* 시스템 계정은 시스템 계정, 일반 계정을 관리
* 일반 계정은 시스템 계정 관리 불가
* 다음과 같은 데이터베이스 서버 관리와 관련된 중요 작업은 시스템 계정으로만 수행 가능
  * 계정 관리
  * 다른 세션 또는 그 세션에서 실행 중인 쿼리 강제 종료
  * 스토어드 프로그램 생성 시 DEFINER를 타 사용자로 설정
* MySQL에 내장된 계정 3개
  * 'mysql.sys'@'localhost' : MySQL 8.0부터 기본으로 내장된 sys스키마의 객체(뷰나 함수, 그리고 프로시저)들의 DEFINER로 사용되는 계정
  * 'mysql.session'@'localhost' : mysql 플러그인이 서버로 접근할 때 사용되는 계정
  * 'mysql.infoschema'@'localhost' : information_schema에 정의된 뷰의 DEFINER로 사용되는 계정

### 3.2.2 계정 생성

* 8.0 버전 부터는 계정의 생성은 CREATE USER, 권한 부여는 GRANT 명령으로 구분해서 실행
* 계정 생성할 때 설정할 수 있는 다양한 옵션
  * 계정 인증방식, 비밀번호
  * 비밀번호 관련 옵션(유효기간, 이력개수, 재사용 불가 기간)
  *  기본 역할
  * SSL 옵션
  * 계정 잠금 여부 

```mysql
CREATE USER 'user'@'%'
	IDENTIFIED WITH 'mysql_native_password' BY 'password'
	REQUIRE NONE
	PASSWORD EXPIRE INTERVAL 30 DAY
	ACCOUNT UNLOCK
	PASSWORD HISTORY DEFAULT
	PASSWORD REUSE INTERVAL DEFAULT
	PASSWORD REQUIRE CURRENT DEFAULT;
```

#### 3.2.2.1 IDENTIFIED WITH

*  사용자 인증방식, 비밀번호 설정
* 플러그인으로 제공되는 인증방식
  * Native Pluggable Authentication : 단순히 비밀번호에 대한 해시(SHA-1알고리즘) 값을 저장해두고, 클라이언트가 보낸 값과 해시값이 일치하는지 비교
  * Caching SHA-2 Pluggable Authentication : SHA-2 알고리즘 사용, 저장된 해시값의 보안에 더 중점을 둔 알고리즘, 내부적으로 salt 키를 사용하여, 수천 번의 해시 계산 수행해 결과를 만들어내기 때문에 동일한 키 값에 대해서도 결과가 달라짐. 이와 같은 방법은 시간 소모적이고 성능 떨어짐, 보안 위해 mysql 서버는 해시 결과값을 메모리에 캐시해서 사용
  * PAM Pluggable Authentication
  * LDAP Pluggable Authentication

> Caching SHA-2 Pluggable Authentication 은 SCRAM(salted challenge response authentication mechanism)인증방식 사용, 평문 비밀번호를 이용해서 5000번 이상 암호화 해시 함수를 실행해야 mysql 서버 로그인 요청을 보낼 수 있음. 무작위 비밀번호 입력하는 무차별 대입 공격 어렵게 만듬, 하지만 정상적인 연결도 느리게 만듬. 응용 프로그램에서 한번에 많은 커넥션을 연결하는 경우 응용 프로그램 서버의 CPU 자원을 많이 소모

#### 3.2.2.2 REQUIRE

* 서버 접속 시 암호화된 SSL / TLS 채널 사용여부

#### 3.2.2.3 PASSWORD EXPIRE

* 비번 유효기간 설정 옵션

#### 3.2.2.4 PASSWORD HISTORY

* 한번 사용한 비번 재사용 못하게 설정 옵션

#### 3.2.2.5 PASSWORD REUSE INTERVAL

* 한번 사용한 비번의 재사용 금지 기간 설정 옵션 

#### 3.2.2.6 PASSWORD REQUIRE

* 비번 변경할 떄 현재 비번을 필요로 할지 말지 결정 옵션

#### 3.2.2.7 ACCOUNT LOCK / UNLOCK

* 계정 생성시 또는 ALTER USER 명령을 사용해 계정 정보를 변경할 때 계정을 사용하지 못하게 잠글지 여부 결정



## 3.3 비밀번호 관리

### 3.3.1 고수준 비밀번호 

* 비밀번호 유효성 체크 규칙 적용하려면 validate_password 컴포넌트 이용
* validate_password 컴포넌트 설치, 컴포넌트에서 제공하는 시스템 변수 확인

> 5.7 버전까지는 validate_password가 플러그인 형태로 제공됐지만 8.0 버전부터는 컴포넌트 형태로 제공된다. 

### 3.3.2 이중 비밀번호 

* 많은 응용 프로그램 서버들이 공용으로 데이터베이스 서버를 사용하기 때문에 데이터베이스 서버의 계정 정보는 응용 프로그램 서버로부터 공용으로 사용되는 경우가 많다. 이러한 구현 특성으로 인해 데이터베이스 서버의 계정 정보는 쉽게 변경하기 어렵, 그 중에서도 데이터베이스 계정의 비번은 서비스 실행 중인 상태에서 변경 불가능.
* 이를 해결하기 위해 8.0 버전부터는 계정의 비밀번호로 2개의 값 동시 사용 기능 추가(이중 비밀번호)

```mysql
mysql> ALTER USER 'root'@'localhost' IDENTIFIED BY 'old_password'

mysql> ALTER USER 'root'@'localhost' IDENTIFIED BY 'new_password' RETAIN CURRENT PASSWORD
```

* 첫번째 명령 실행되면 root 계정의 프라이머리 비번 'old_password'로 변경, 세컨더리 비번은 빈 상태
* 두 번째 명령 실행되면 이전 비번이었던 'old_password'는 세컨더리 비번으로 설정, 'new_password'는 프라이머리 비번
* 이 상태에서 응용 프로그램의 소스코드나 설정 파일의 비번을 새로운 비번인 'new_password'로 변경하고 배포 및 재시작 순차적 진행
* 이후 세컨더리 비번 삭제



## 3.4 권한

* 글로벌 권한 : 데이터베이스나 테이블 이외의 객체에 적용되는 권한
* 객체 권한 : 데이터베이스나 테이블을 제어하는 데 필요한 권한
* 객체 권한은 GRANT 명령으로 권한을 부여할 때 반드시 특정 객체 명시해야 함, 반대로 글로벌 권한은 GRANT 명령에서 특정 객체를 명시하지 말아야 함, ALL은 예외적으로 두가지 모두 사용가능
* 정적권한 : mysql 서버의 소스코드에 고정적으로 명시돼 있는 권한
* 동적권한 : mysql 서버가 시작되면서 동적으로 생성하는 권한, 예를 들어, mysql 서버의 컴포넌트나 플러그인이 설치되면 그때 등록되는 권한을 동적 권한이라 한다.
* 5.7 버전까지는 SUPER 이라는 권한이 데이터베이스 관리 위해 꼭 필요했지만 8.0부터 잘게 쪼개어져 동적 권한으로 분산, 백업 관리자와 복제 관리자 개별로 꼭 필요한 권한만 부여할 수 있게됨
* 사용자에게 권한 부여할 때는 GRANT 명령
* 8.0 버전부터는 존재하지 않는 사용자에 대해 GRANT 명령이 실행되면 에러 발생, 반드시 사용자 먼저 생성

```mysql
//글로벌 권한
mysql> GRANT SUPER ON *.* TO 'user'@'localhost';
```

* 글로벌 권한은 특정  DB나 테이블에 부여될 수 x, 따라서 글로벌 권한을 부여할 때  GRANT 명령의  ON절에는 항상 `*.`* 사용하게 된다.

  

```mysql
//DB 권한
mysql> GRANT EVENT ON *.* TO 'user'@'localhost';
mysql> GRANT EVENT ON employees.* TO 'user'@'localhost';
```

* DB 권한은 특정 DB에 대해서만 권한을 부여하거나 서버에 존재하는 모든 DB에 대해 권한을 부여할 수 있기 때문에 위 둘과 같이 사용 가능

  

```mysql
//테이블 권한
mysql> GRANT SELECT,INSERT,UPDATE,DELETE ON *.* TO 'user'@'localhost';
mysql> GRANT SELECT,INSERT,UPDATE,DELETE ON employees.* TO 'user'@'localhost';
mysql> GRANT SELECT,INSERT,UPDATE,DELETE ON employees.department TO 'user'@'localhost';
```

* 테이블 권한은 서버의 모든 DB에 대해 권한 부여 가능, 특정 DB의 오브젝트에 대해서만 권한 부여하는 것도 가능

  

```mysql
//특정 컬럼에 대해서만 권한을 부여하는 경우
mysql> GRANT SELECT,INSERT,UPDATE(dept_name) ON employees.department TO 'user'@'localhost';
```

* 컬럼에 부여할 수 있는 권한은 INSERT, UPDATE, SELECT 3가지, 각 권한 뒤에 컬럼 명시하는 형태로 부여
* 여러 레벨, 범위로 권한 설정 가능하지만 테이블, 컬럼 단위의 권한은 잘 사용 x(컬럼 단위의 권한이 하나라도 설정되면 나머지 모든 테이블의 모든 컬럼에 대해서도 권한 체크 하기 때문에 성능에 영향을 미칠 수 있음) --> 대신 별도의 VIEW를 만들어 사용하는 것 생각해볼 수 있음



## 3.5 역할(Role)

* 8.0 버전부터 권한을 묶어 역할(Role)을 사용할 수 있음
* 서버 내부적으로 역할은 계정과 똑같은 모습

```mysql
mysql> create role
    -> role_emp_read,
    -> role_emp_write;
Query OK, 0 rows affected (0.02 sec)
```

```mysql
mysql> grant select on employees.* to role_emp_read;
Query OK, 0 rows affected (0.01 sec)

mysql> grant insert, update, delete on employees.* to role_emp_write;
Query OK, 0 rows affected (0.00 sec)
```

* read 역할에는 employees DB의 모든 객체에 대해 읽기 권한만 부여, write 역할에는 employees DB의 모든 객체에 대해  데이터 변경(INSERT, UPDATE, DELETE)권한 부여
* 기본적으로 역할은 그 자체로 사용될 수 없고 계정에 부여해야 함

```mysql
mysql> create user reader@'127.0.0.1' identified  by 'qwerty';
Query OK, 0 rows affected (0.01 sec)

mysql> create user writer@'127.0.0.1' identified  by 'qwerty';
Query OK, 0 rows affected (0.00 sec)

mysql> grant role_emp_read to reader@'127.0.0.1';
Query OK, 0 rows affected (0.01 sec)

mysql> grant role_emp_write to writer@'127.0.0.1';
Query OK, 0 rows affected (0.00 sec)
```

* 계정을 생성하고 계정에 역할을 부여

```mysql
mysql> show grants;
+---------------------------------------------------------------------------------------------------------------+
| Grants for reader@127.0.0.1                                                                                   |
+---------------------------------------------------------------------------------------------------------------+
| GRANT role_emp_read TO 'reader'@'127.0.0.1'                                                                   |
| GRANT USAGE ON *.* TO 'reader'@'127.0.0.1' IDENTIFIED BY PASSWORD '*AA1420F182E88B9E5F874F6FBE7459291E8F4601' |
+---------------------------------------------------------------------------------------------------------------+
2 rows in set (0.00 sec)
```

```mysql
mysql> select * from employees.employees limit 10;
ERROR 1142 (42000): SELECT command denied to user 'reader'@'localhost' for table 'employees'

mysql> select current_role();
+----------------+
| current_role() |
+----------------+
| NULL           |
+----------------+
1 row in set (0.01 sec)
```

* 역할은 부여돼 있지만 계정의 활성화된 역할을 조회해 보면 role_emp_read 역할 없음

```mysql

mysql> set role 'role_emp_read';
Query OK, 0 rows affected (0.01 sec)

mysql> select current_role();
+----------------+
| current_role() |
+----------------+
| role_emp_read  |
+----------------+
1 row in set (0.00 sec)

mysql> select * from employees.employees limit 10;
ERROR 1146 (42S02): Table 'employees.employees' doesn't exist
```

* set role 명령 통해 역할 활성화
* 서버의 역할이 불편하고 수동적으로 보이는데, 이는 mysql 서버의 역할이 자동으로 활성화되지 않게 설정해놨기 때문
* activate_all_roles_on_login 시스템 변수로 서버에 로그인할 때 역할 자동으로 활성화 할지 여부 설정



* 서버 내부적으로 역할과 계정은 동일한 객체 취급
* 단지 하나의 사용자 계정에 다른 사용자 계정이 가진 권한을 병합해서 권한 제어가 가능해졌을 뿐

* mysql DB의 user테이블을 보명 실제 권한과 사용자 계정이 구분 없이 저장되어있음

```mysql

mysql> select user, host, account_locked from mysql.user;
ERROR 1054 (42S22): Unknown column 'account_locked' in 'field list'
mysql> select user, host from mysql.user;
+----------------+-----------------+
| user           | host            |
+----------------+-----------------+
| role_emo_read  |                 |
| role_emp_read  |                 |
| role_emp_write |                 |
| reader         | 127.0.0.1       |
| root           | 127.0.0.1       |
| writer         | 127.0.0.1       |
| root           | ::1             |
| root           | laptop-j435sovq |
| root           | localhost       |
+----------------+-----------------+
9 rows in set (0.00 sec)
```

* 하나의 계정에 다른 계정의 권한을 병합하기만 하면 되므로 mysql 서버는 역할과 계정을 구분할 필요 없음
* create role 명령으로 역할 생성할 때 호스트 부분을 별도로 명시하지 않았으면 자동으로 '모든 호스트(%)'가 자동으로 추가됨

 

* 역할과 계정은 내외부적으로 동일한 객체인데 왜 mysql 에서는 굳이 create role 명령과 create user 명령을 구분해서 지원할까?
  * 데이터베이스 관리의 직무를 분리할 수 있게 해서 보안을 강화하는 용도로 사용될 수 있게 하기 위해
  * create user 명령에 대해서는 권한이 없지만 create role 명령만 실행 가능한 새용자는 역할을 생성할 수 있음
  * 이렇게 생성된 역할은 계정과 동일한 객체를 생성하지만 실제 이 역할은 account_locked 값이 'Y'로 성정돼 있어 로그인 용도로 사용할 수 없음